Archive member included because of file (symbol)

c:/winavr-20100110/bin/../lib/gcc/avr/4.3.3/avr5\libgcc.a(_exit.o)
                              c:/winavr-20100110/bin/../lib/gcc/avr/4.3.3/../../../../avr/lib/avr5/crtm32.o (exit)
c:/winavr-20100110/bin/../lib/gcc/avr/4.3.3/avr5\libgcc.a(_clear_bss.o)
                              ./MCAL/UART/UART_Program.o (__do_clear_bss)

Allocating common symbols
Common symbol       size              file

UART_RxCompleteCallBack
                    0x2               ./MCAL/UART/UART_Program.o
UART_TxCompleteCallBack
                    0x2               ./MCAL/UART/UART_Program.o
gu8arr_error        0x64              ./LIB/DET/Det.o

Memory Configuration

Name             Origin             Length             Attributes
text             0x00000000         0x00020000         xr
data             0x00800060         0x0000ffa0         rw !x
eeprom           0x00810000         0x00010000         rw !x
fuse             0x00820000         0x00000400         rw !x
lock             0x00830000         0x00000400         rw !x
signature        0x00840000         0x00000400         rw !x
*default*        0x00000000         0xffffffff

Linker script and memory map

LOAD c:/winavr-20100110/bin/../lib/gcc/avr/4.3.3/../../../../avr/lib/avr5/crtm32.o
LOAD ./MCAL/UART/UART_Program.o
LOAD ./MCAL/SPI/SPI_Program.o
LOAD ./MCAL/DIO/DIO_program.o
LOAD ./LIB/DET/Det.o
LOAD ./HAL/LED/LED_Program.o
LOAD ./APP/APP.o
LOAD ./main.o
LOAD c:/winavr-20100110/bin/../lib/gcc/avr/4.3.3/avr5\libgcc.a
LOAD c:/winavr-20100110/bin/../lib/gcc/avr/4.3.3/../../../../avr/lib/avr5\libc.a
LOAD c:/winavr-20100110/bin/../lib/gcc/avr/4.3.3/avr5\libgcc.a

.hash
 *(.hash)

.dynsym
 *(.dynsym)

.dynstr
 *(.dynstr)

.gnu.version
 *(.gnu.version)

.gnu.version_d
 *(.gnu.version_d)

.gnu.version_r
 *(.gnu.version_r)

.rel.init
 *(.rel.init)

.rela.init
 *(.rela.init)

.rel.text
 *(.rel.text)
 *(.rel.text.*)
 *(.rel.gnu.linkonce.t*)

.rela.text
 *(.rela.text)
 *(.rela.text.*)
 *(.rela.gnu.linkonce.t*)

.rel.fini
 *(.rel.fini)

.rela.fini
 *(.rela.fini)

.rel.rodata
 *(.rel.rodata)
 *(.rel.rodata.*)
 *(.rel.gnu.linkonce.r*)

.rela.rodata
 *(.rela.rodata)
 *(.rela.rodata.*)
 *(.rela.gnu.linkonce.r*)

.rel.data
 *(.rel.data)
 *(.rel.data.*)
 *(.rel.gnu.linkonce.d*)

.rela.data
 *(.rela.data)
 *(.rela.data.*)
 *(.rela.gnu.linkonce.d*)

.rel.ctors
 *(.rel.ctors)

.rela.ctors
 *(.rela.ctors)

.rel.dtors
 *(.rel.dtors)

.rela.dtors
 *(.rela.dtors)

.rel.got
 *(.rel.got)

.rela.got
 *(.rela.got)

.rel.bss
 *(.rel.bss)

.rela.bss
 *(.rela.bss)

.rel.plt
 *(.rel.plt)

.rela.plt
 *(.rela.plt)

.text           0x00000000     0x120a
 *(.vectors)
 .vectors       0x00000000       0x54 c:/winavr-20100110/bin/../lib/gcc/avr/4.3.3/../../../../avr/lib/avr5/crtm32.o
                0x00000000                __vectors
                0x00000000                __vector_default
 *(.vectors)
 *(.progmem.gcc*)
 *(.progmem*)
                0x00000054                . = ALIGN (0x2)
                0x00000054                __trampolines_start = .
 *(.trampolines)
 .trampolines   0x00000054        0x0 linker stubs
 *(.trampolines*)
                0x00000054                __trampolines_end = .
 *(.jumptables)
 *(.jumptables*)
 *(.lowtext)
 *(.lowtext*)
                0x00000054                __ctors_start = .
 *(.ctors)
                0x00000054                __ctors_end = .
                0x00000054                __dtors_start = .
 *(.dtors)
                0x00000054                __dtors_end = .
 SORT(*)(.ctors)
 SORT(*)(.dtors)
 *(.init0)
 .init0         0x00000054        0x0 c:/winavr-20100110/bin/../lib/gcc/avr/4.3.3/../../../../avr/lib/avr5/crtm32.o
                0x00000054                __init
 *(.init0)
 *(.init1)
 *(.init1)
 *(.init2)
 .init2         0x00000054        0xc c:/winavr-20100110/bin/../lib/gcc/avr/4.3.3/../../../../avr/lib/avr5/crtm32.o
 *(.init2)
 *(.init3)
 *(.init3)
 *(.init4)
 .init4         0x00000060       0x10 c:/winavr-20100110/bin/../lib/gcc/avr/4.3.3/avr5\libgcc.a(_clear_bss.o)
                0x00000060                __do_clear_bss
 *(.init4)
 *(.init5)
 *(.init5)
 *(.init6)
 *(.init6)
 *(.init7)
 *(.init7)
 *(.init8)
 *(.init8)
 *(.init9)
 .init9         0x00000070        0x8 c:/winavr-20100110/bin/../lib/gcc/avr/4.3.3/../../../../avr/lib/avr5/crtm32.o
 *(.init9)
 *(.text)
 .text          0x00000078        0x4 c:/winavr-20100110/bin/../lib/gcc/avr/4.3.3/../../../../avr/lib/avr5/crtm32.o
                0x00000078                __vector_1
                0x00000078                __vector_12
                0x00000078                __bad_interrupt
                0x00000078                __vector_6
                0x00000078                __vector_3
                0x00000078                __vector_11
                0x00000078                __vector_17
                0x00000078                __vector_19
                0x00000078                __vector_7
                0x00000078                __vector_5
                0x00000078                __vector_4
                0x00000078                __vector_9
                0x00000078                __vector_2
                0x00000078                __vector_8
                0x00000078                __vector_14
                0x00000078                __vector_10
                0x00000078                __vector_16
                0x00000078                __vector_18
                0x00000078                __vector_20
 .text          0x0000007c        0x0 ./MCAL/UART/UART_Program.o
 .text          0x0000007c        0x0 ./MCAL/SPI/SPI_Program.o
 .text          0x0000007c        0x0 ./MCAL/DIO/DIO_program.o
 .text          0x0000007c        0x0 ./LIB/DET/Det.o
 .text          0x0000007c        0x0 ./HAL/LED/LED_Program.o
 .text          0x0000007c        0x0 ./APP/APP.o
 .text          0x0000007c        0x0 ./main.o
 .text          0x0000007c        0x0 c:/winavr-20100110/bin/../lib/gcc/avr/4.3.3/avr5\libgcc.a(_exit.o)
 .text          0x0000007c        0x0 c:/winavr-20100110/bin/../lib/gcc/avr/4.3.3/avr5\libgcc.a(_clear_bss.o)
                0x0000007c                . = ALIGN (0x2)
 *(.text.*)
 .text.UART_Init
                0x0000007c       0x86 ./MCAL/UART/UART_Program.o
                0x0000007c                UART_Init
 .text.UART_SendByte
                0x00000102       0x48 ./MCAL/UART/UART_Program.o
                0x00000102                UART_SendByte
 .text.UART_ReciveByte
                0x0000014a       0x30 ./MCAL/UART/UART_Program.o
                0x0000014a                UART_ReciveByte
 .text.UART_SendString
                0x0000017a       0x66 ./MCAL/UART/UART_Program.o
                0x0000017a                UART_SendString
 .text.UART_ReceiveString
                0x000001e0       0x9c ./MCAL/UART/UART_Program.o
                0x000001e0                UART_ReceiveString
 .text.UART_Flush
                0x0000027c       0x26 ./MCAL/UART/UART_Program.o
                0x0000027c                UART_Flush
 .text.UART_RxCompleteISR
                0x000002a2       0x24 ./MCAL/UART/UART_Program.o
                0x000002a2                UART_RxCompleteISR
 .text.__vector_13
                0x000002c6       0x5a ./MCAL/UART/UART_Program.o
                0x000002c6                __vector_13
 .text.UART_TxCompleteISR
                0x00000320       0x24 ./MCAL/UART/UART_Program.o
                0x00000320                UART_TxCompleteISR
 .text.__vector_15
                0x00000344       0x5a ./MCAL/UART/UART_Program.o
                0x00000344                __vector_15
 .text.SPI_MasterInit
                0x0000039e       0x8c ./MCAL/SPI/SPI_Program.o
                0x0000039e                SPI_MasterInit
 .text.SPI_MasterTransmit
                0x0000042a       0x26 ./MCAL/SPI/SPI_Program.o
                0x0000042a                SPI_MasterTransmit
 .text.SPI_SlaveInit
                0x00000450       0x24 ./MCAL/SPI/SPI_Program.o
                0x00000450                SPI_SlaveInit
 .text.SPI_SlaveReceive
                0x00000474       0x1e ./MCAL/SPI/SPI_Program.o
                0x00000474                SPI_SlaveReceive
 .text.DIO_SetPinDircection
                0x00000492      0x3dc ./MCAL/DIO/DIO_program.o
                0x00000492                DIO_SetPinDircection
 .text.DIO_SetPortDirection
                0x0000086e      0x11a ./MCAL/DIO/DIO_program.o
                0x0000086e                DIO_SetPortDirection
 .text.DIO_SetPinValue
                0x00000988      0x242 ./MCAL/DIO/DIO_program.o
                0x00000988                DIO_SetPinValue
 .text.DIO_SetPortValue
                0x00000bca       0xa0 ./MCAL/DIO/DIO_program.o
                0x00000bca                DIO_SetPortValue
 .text.DIO_GetPinVal
                0x00000c6a      0x132 ./MCAL/DIO/DIO_program.o
                0x00000c6a                DIO_GetPinVal
 .text.DIO_TogglePin
                0x00000d9c      0x124 ./MCAL/DIO/DIO_program.o
                0x00000d9c                DIO_TogglePin
 .text.Det_ReportError
                0x00000ec0       0x4e ./LIB/DET/Det.o
                0x00000ec0                Det_ReportError
 .text.LED_Init
                0x00000f0e       0x9e ./HAL/LED/LED_Program.o
                0x00000f0e                LED_Init
 .text.LED_PORT_Init
                0x00000fac       0x16 ./HAL/LED/LED_Program.o
                0x00000fac                LED_PORT_Init
 .text.LED_PORT_Value
                0x00000fc2       0x1c ./HAL/LED/LED_Program.o
                0x00000fc2                LED_PORT_Value
 .text.LED_ON   0x00000fde       0x9e ./HAL/LED/LED_Program.o
                0x00000fde                LED_ON
 .text.LED_OFF  0x0000107c       0x9e ./HAL/LED/LED_Program.o
                0x0000107c                LED_OFF
 .text.LED_TOGGLE
                0x0000111a       0x96 ./HAL/LED/LED_Program.o
                0x0000111a                LED_TOGGLE
 .text.APP_Init
                0x000011b0       0x16 ./APP/APP.o
                0x000011b0                APP_Init
 .text.APP_run  0x000011c6       0x2e ./APP/APP.o
                0x000011c6                APP_run
 .text.main     0x000011f4       0x12 ./main.o
                0x000011f4                main
 .text.libgcc   0x00001206        0x0 c:/winavr-20100110/bin/../lib/gcc/avr/4.3.3/avr5\libgcc.a(_exit.o)
 .text.libgcc   0x00001206        0x0 c:/winavr-20100110/bin/../lib/gcc/avr/4.3.3/avr5\libgcc.a(_clear_bss.o)
                0x00001206                . = ALIGN (0x2)
 *(.fini9)
 .fini9         0x00001206        0x0 c:/winavr-20100110/bin/../lib/gcc/avr/4.3.3/avr5\libgcc.a(_exit.o)
                0x00001206                exit
                0x00001206                _exit
 *(.fini9)
 *(.fini8)
 *(.fini8)
 *(.fini7)
 *(.fini7)
 *(.fini6)
 *(.fini6)
 *(.fini5)
 *(.fini5)
 *(.fini4)
 *(.fini4)
 *(.fini3)
 *(.fini3)
 *(.fini2)
 *(.fini2)
 *(.fini1)
 *(.fini1)
 *(.fini0)
 .fini0         0x00001206        0x4 c:/winavr-20100110/bin/../lib/gcc/avr/4.3.3/avr5\libgcc.a(_exit.o)
 *(.fini0)
                0x0000120a                _etext = .

.data           0x00800060        0x0 load address 0x0000120a
                0x00800060                PROVIDE (__data_start, .)
 *(.data)
 .data          0x00800060        0x0 c:/winavr-20100110/bin/../lib/gcc/avr/4.3.3/../../../../avr/lib/avr5/crtm32.o
 .data          0x00800060        0x0 ./MCAL/UART/UART_Program.o
 .data          0x00800060        0x0 ./MCAL/SPI/SPI_Program.o
 .data          0x00800060        0x0 ./MCAL/DIO/DIO_program.o
 .data          0x00800060        0x0 ./LIB/DET/Det.o
 .data          0x00800060        0x0 ./HAL/LED/LED_Program.o
 .data          0x00800060        0x0 ./APP/APP.o
 .data          0x00800060        0x0 ./main.o
 .data          0x00800060        0x0 c:/winavr-20100110/bin/../lib/gcc/avr/4.3.3/avr5\libgcc.a(_exit.o)
 .data          0x00800060        0x0 c:/winavr-20100110/bin/../lib/gcc/avr/4.3.3/avr5\libgcc.a(_clear_bss.o)
 *(.data*)
 *(.rodata)
 *(.rodata*)
 *(.gnu.linkonce.d*)
                0x00800060                . = ALIGN (0x2)
                0x00800060                _edata = .
                0x00800060                PROVIDE (__data_end, .)

.bss            0x00800060       0x6a
                0x00800060                PROVIDE (__bss_start, .)
 *(.bss)
 .bss           0x00800060        0x0 c:/winavr-20100110/bin/../lib/gcc/avr/4.3.3/../../../../avr/lib/avr5/crtm32.o
 .bss           0x00800060        0x0 ./MCAL/UART/UART_Program.o
 .bss           0x00800060        0x0 ./MCAL/SPI/SPI_Program.o
 .bss           0x00800060        0x0 ./MCAL/DIO/DIO_program.o
 .bss           0x00800060        0x0 ./LIB/DET/Det.o
 .bss           0x00800060        0x0 ./HAL/LED/LED_Program.o
 .bss           0x00800060        0x0 ./APP/APP.o
 .bss           0x00800060        0x0 ./main.o
 .bss           0x00800060        0x0 c:/winavr-20100110/bin/../lib/gcc/avr/4.3.3/avr5\libgcc.a(_exit.o)
 .bss           0x00800060        0x0 c:/winavr-20100110/bin/../lib/gcc/avr/4.3.3/avr5\libgcc.a(_clear_bss.o)
 *(.bss*)
 .bss.UART_InitChack
                0x00800060        0x1 ./MCAL/UART/UART_Program.o
 .bss.index_row
                0x00800061        0x1 ./LIB/DET/Det.o
 *(COMMON)
 COMMON         0x00800062        0x4 ./MCAL/UART/UART_Program.o
                0x00800062                UART_RxCompleteCallBack
                0x00800064                UART_TxCompleteCallBack
 COMMON         0x00800066       0x64 ./LIB/DET/Det.o
                0x00800066                gu8arr_error
                0x008000ca                PROVIDE (__bss_end, .)
                0x0000120a                __data_load_start = LOADADDR (.data)
                0x0000120a                __data_load_end = (__data_load_start + SIZEOF (.data))

.noinit         0x008000ca        0x0
                0x008000ca                PROVIDE (__noinit_start, .)
 *(.noinit*)
                0x008000ca                PROVIDE (__noinit_end, .)
                0x008000ca                _end = .
                0x008000ca                PROVIDE (__heap_start, .)

.eeprom         0x00810000        0x0
 *(.eeprom*)
                0x00810000                __eeprom_end = .

.fuse
 *(.fuse)
 *(.lfuse)
 *(.hfuse)
 *(.efuse)

.lock
 *(.lock*)

.signature
 *(.signature*)

.stab           0x00000000     0x1c80
 *(.stab)
 .stab          0x00000000      0x600 ./MCAL/UART/UART_Program.o
 .stab          0x00000600      0x2c4 ./MCAL/SPI/SPI_Program.o
                                0x2d0 (size before relaxing)
 .stab          0x000008c4      0x90c ./MCAL/DIO/DIO_program.o
                                0x918 (size before relaxing)
 .stab          0x000011d0      0x1ec ./LIB/DET/Det.o
                                0x1f8 (size before relaxing)
 .stab          0x000013bc      0x4b0 ./HAL/LED/LED_Program.o
                                0x4bc (size before relaxing)
 .stab          0x0000186c      0x264 ./APP/APP.o
                                0x270 (size before relaxing)
 .stab          0x00001ad0      0x1b0 ./main.o
                                0x1e0 (size before relaxing)

.stabstr        0x00000000      0x935
 *(.stabstr)
 .stabstr       0x00000000      0x935 ./MCAL/UART/UART_Program.o

.stab.excl
 *(.stab.excl)

.stab.exclstr
 *(.stab.exclstr)

.stab.index
 *(.stab.index)

.stab.indexstr
 *(.stab.indexstr)

.comment
 *(.comment)

.debug
 *(.debug)

.line
 *(.line)

.debug_srcinfo
 *(.debug_srcinfo)

.debug_sfnames
 *(.debug_sfnames)

.debug_aranges
 *(.debug_aranges)

.debug_pubnames
 *(.debug_pubnames)

.debug_info
 *(.debug_info)
 *(.gnu.linkonce.wi.*)

.debug_abbrev
 *(.debug_abbrev)

.debug_line
 *(.debug_line)

.debug_frame
 *(.debug_frame)

.debug_str
 *(.debug_str)

.debug_loc
 *(.debug_loc)

.debug_macinfo
 *(.debug_macinfo)
OUTPUT(SPI_Test_Slave.elf elf32-avr)
LOAD linker stubs
